// Jest Snapshot v1, https://goo.gl/fbAQLP

exports[`Storyshots PLACEHOLDER PLACEHOLDER 1`] = `<div />`;
